
> steamdb-browser-extension@0.0.0 test
> eslint . && stylelint "**/*.css" && prettier "**/*.css" --check && tsc

Checking formatting...
node.exe : [[33mwarn[39m] op
tions/options.css
発生場所 行:1 文字:1
+ & "C:\Program Files\nodejs/n
ode.exe" "C:\Program Files\nod
ejs/node_mo ...
+ ~~~~~~~~~~~~~~~~~~~~~~~~~~~~
~~~~~~~~~~~~~~~~~~~~~~~~~~~~~~
~~~~~~~~~~~
    + CategoryInfo          : 
    NotSpecified: ([[33mwar  
  n[39m] options/options.c   
 ss:String) [], RemoteExce    
ption
    + FullyQualifiedErrorId : 
    NativeCommandError
 
[[33mwarn[39m] options/popup
.css
[[33mwarn[39m] styles/accoun
t_licenses.css
[[33mwarn[39m] styles/achiev
ements_cs2.css
[[33mwarn[39m] styles/achiev
ements.css
[[33mwarn[39m] styles/appico
n.css
[[33mwarn[39m] styles/booste
rcreator.css
[[33mwarn[39m] styles/commun
ity.css
[[33mwarn[39m] styles/global
.css
[[33mwarn[39m] styles/invent
ory-sidebar.css
[[33mwarn[39m] styles/invent
ory.css
[[33mwarn[39m] styles/market
.css
[[33mwarn[39m] styles/store.
css
[[33mwarn[39m] Code style is
sues found in 13 files. Run Pr
ettier with --write to fix.
